Copyright 1986-2017 Xilinx, Inc. All Rights Reserved.
--------------------------------------------------------------------------------------------------------------------------------------------------------------------------------------
| Tool Version : Vivado v.2017.4 (lin64) Build 2086221 Fri Dec 15 20:54:30 MST 2017
| Date         : Thu Jun 24 10:57:20 2021
| Host         : buflightdev running 64-bit Ubuntu 16.04.7 LTS
| Command      : report_methodology -file design_2_wrapper_methodology_drc_routed.rpt -pb design_2_wrapper_methodology_drc_routed.pb -rpx design_2_wrapper_methodology_drc_routed.rpx
| Design       : design_2_wrapper
| Device       : xczu9eg-ffvb1156-2-e
| Speed File   : -2
| Design State : Routed
--------------------------------------------------------------------------------------------------------------------------------------------------------------------------------------

Report Methodology

Table of Contents
-----------------
1. REPORT SUMMARY
2. REPORT DETAILS

1. REPORT SUMMARY
-----------------
            Netlist: netlist
          Floorplan: checkpoint_design_2_wrapper
      Design limits: <entire design considered>
             Max violations: <unlimited>
             Violations found: 182
+-----------+----------+-------------------------------------------------+------------+
| Rule      | Severity | Description                                     | Violations |
+-----------+----------+-------------------------------------------------+------------+
| PDRC-190  | Warning  | Suboptimally placed synchronized register chain | 1          |
| TIMING-20 | Warning  | Non-clocked latch                               | 128        |
| TIMING-35 | Warning  | No common node in paths with the same clock     | 1          |
| XDCB-5    | Warning  | Runtime inefficient way to find pin objects     | 52         |
+-----------+----------+-------------------------------------------------+------------+

2. REPORT DETAILS
-----------------
PDRC-190#1 Warning
Suboptimally placed synchronized register chain  
The FDRE cell dbg_hub/inst/BSCANID.u_xsdbm_id/CORE_XSDB.UUT_MASTER/U_ICON_INTERFACE/U_CMD5/shift_reg_in_reg[2] in site SLICE_X44Y95 is part of a synchronized register chain that is suboptimally placed as the load FDRE cell dbg_hub/inst/BSCANID.u_xsdbm_id/CORE_XSDB.UUT_MASTER/U_ICON_INTERFACE/U_CMD5/shift_reg_in_reg[1] is not placed in the same (SLICE) site.
Related violations: <none>

TIMING-20#1 Warning
Non-clocked latch  
The latch design_2_i/RelationalCache_0/inst/trapper/axi_rdata_reg[0] cannot be properly analyzed as its control pin design_2_i/RelationalCache_0/inst/trapper/axi_rdata_reg[0]/G is not reached by a timing clock
Related violations: <none>

TIMING-20#2 Warning
Non-clocked latch  
The latch design_2_i/RelationalCache_0/inst/trapper/axi_rdata_reg[100] cannot be properly analyzed as its control pin design_2_i/RelationalCache_0/inst/trapper/axi_rdata_reg[100]/G is not reached by a timing clock
Related violations: <none>

TIMING-20#3 Warning
Non-clocked latch  
The latch design_2_i/RelationalCache_0/inst/trapper/axi_rdata_reg[101] cannot be properly analyzed as its control pin design_2_i/RelationalCache_0/inst/trapper/axi_rdata_reg[101]/G is not reached by a timing clock
Related violations: <none>

TIMING-20#4 Warning
Non-clocked latch  
The latch design_2_i/RelationalCache_0/inst/trapper/axi_rdata_reg[102] cannot be properly analyzed as its control pin design_2_i/RelationalCache_0/inst/trapper/axi_rdata_reg[102]/G is not reached by a timing clock
Related violations: <none>

TIMING-20#5 Warning
Non-clocked latch  
The latch design_2_i/RelationalCache_0/inst/trapper/axi_rdata_reg[103] cannot be properly analyzed as its control pin design_2_i/RelationalCache_0/inst/trapper/axi_rdata_reg[103]/G is not reached by a timing clock
Related violations: <none>

TIMING-20#6 Warning
Non-clocked latch  
The latch design_2_i/RelationalCache_0/inst/trapper/axi_rdata_reg[104] cannot be properly analyzed as its control pin design_2_i/RelationalCache_0/inst/trapper/axi_rdata_reg[104]/G is not reached by a timing clock
Related violations: <none>

TIMING-20#7 Warning
Non-clocked latch  
The latch design_2_i/RelationalCache_0/inst/trapper/axi_rdata_reg[105] cannot be properly analyzed as its control pin design_2_i/RelationalCache_0/inst/trapper/axi_rdata_reg[105]/G is not reached by a timing clock
Related violations: <none>

TIMING-20#8 Warning
Non-clocked latch  
The latch design_2_i/RelationalCache_0/inst/trapper/axi_rdata_reg[106] cannot be properly analyzed as its control pin design_2_i/RelationalCache_0/inst/trapper/axi_rdata_reg[106]/G is not reached by a timing clock
Related violations: <none>

TIMING-20#9 Warning
Non-clocked latch  
The latch design_2_i/RelationalCache_0/inst/trapper/axi_rdata_reg[107] cannot be properly analyzed as its control pin design_2_i/RelationalCache_0/inst/trapper/axi_rdata_reg[107]/G is not reached by a timing clock
Related violations: <none>

TIMING-20#10 Warning
Non-clocked latch  
The latch design_2_i/RelationalCache_0/inst/trapper/axi_rdata_reg[108] cannot be properly analyzed as its control pin design_2_i/RelationalCache_0/inst/trapper/axi_rdata_reg[108]/G is not reached by a timing clock
Related violations: <none>

TIMING-20#11 Warning
Non-clocked latch  
The latch design_2_i/RelationalCache_0/inst/trapper/axi_rdata_reg[109] cannot be properly analyzed as its control pin design_2_i/RelationalCache_0/inst/trapper/axi_rdata_reg[109]/G is not reached by a timing clock
Related violations: <none>

TIMING-20#12 Warning
Non-clocked latch  
The latch design_2_i/RelationalCache_0/inst/trapper/axi_rdata_reg[10] cannot be properly analyzed as its control pin design_2_i/RelationalCache_0/inst/trapper/axi_rdata_reg[10]/G is not reached by a timing clock
Related violations: <none>

TIMING-20#13 Warning
Non-clocked latch  
The latch design_2_i/RelationalCache_0/inst/trapper/axi_rdata_reg[110] cannot be properly analyzed as its control pin design_2_i/RelationalCache_0/inst/trapper/axi_rdata_reg[110]/G is not reached by a timing clock
Related violations: <none>

TIMING-20#14 Warning
Non-clocked latch  
The latch design_2_i/RelationalCache_0/inst/trapper/axi_rdata_reg[111] cannot be properly analyzed as its control pin design_2_i/RelationalCache_0/inst/trapper/axi_rdata_reg[111]/G is not reached by a timing clock
Related violations: <none>

TIMING-20#15 Warning
Non-clocked latch  
The latch design_2_i/RelationalCache_0/inst/trapper/axi_rdata_reg[112] cannot be properly analyzed as its control pin design_2_i/RelationalCache_0/inst/trapper/axi_rdata_reg[112]/G is not reached by a timing clock
Related violations: <none>

TIMING-20#16 Warning
Non-clocked latch  
The latch design_2_i/RelationalCache_0/inst/trapper/axi_rdata_reg[113] cannot be properly analyzed as its control pin design_2_i/RelationalCache_0/inst/trapper/axi_rdata_reg[113]/G is not reached by a timing clock
Related violations: <none>

TIMING-20#17 Warning
Non-clocked latch  
The latch design_2_i/RelationalCache_0/inst/trapper/axi_rdata_reg[114] cannot be properly analyzed as its control pin design_2_i/RelationalCache_0/inst/trapper/axi_rdata_reg[114]/G is not reached by a timing clock
Related violations: <none>

TIMING-20#18 Warning
Non-clocked latch  
The latch design_2_i/RelationalCache_0/inst/trapper/axi_rdata_reg[115] cannot be properly analyzed as its control pin design_2_i/RelationalCache_0/inst/trapper/axi_rdata_reg[115]/G is not reached by a timing clock
Related violations: <none>

TIMING-20#19 Warning
Non-clocked latch  
The latch design_2_i/RelationalCache_0/inst/trapper/axi_rdata_reg[116] cannot be properly analyzed as its control pin design_2_i/RelationalCache_0/inst/trapper/axi_rdata_reg[116]/G is not reached by a timing clock
Related violations: <none>

TIMING-20#20 Warning
Non-clocked latch  
The latch design_2_i/RelationalCache_0/inst/trapper/axi_rdata_reg[117] cannot be properly analyzed as its control pin design_2_i/RelationalCache_0/inst/trapper/axi_rdata_reg[117]/G is not reached by a timing clock
Related violations: <none>

TIMING-20#21 Warning
Non-clocked latch  
The latch design_2_i/RelationalCache_0/inst/trapper/axi_rdata_reg[118] cannot be properly analyzed as its control pin design_2_i/RelationalCache_0/inst/trapper/axi_rdata_reg[118]/G is not reached by a timing clock
Related violations: <none>

TIMING-20#22 Warning
Non-clocked latch  
The latch design_2_i/RelationalCache_0/inst/trapper/axi_rdata_reg[119] cannot be properly analyzed as its control pin design_2_i/RelationalCache_0/inst/trapper/axi_rdata_reg[119]/G is not reached by a timing clock
Related violations: <none>

TIMING-20#23 Warning
Non-clocked latch  
The latch design_2_i/RelationalCache_0/inst/trapper/axi_rdata_reg[11] cannot be properly analyzed as its control pin design_2_i/RelationalCache_0/inst/trapper/axi_rdata_reg[11]/G is not reached by a timing clock
Related violations: <none>

TIMING-20#24 Warning
Non-clocked latch  
The latch design_2_i/RelationalCache_0/inst/trapper/axi_rdata_reg[120] cannot be properly analyzed as its control pin design_2_i/RelationalCache_0/inst/trapper/axi_rdata_reg[120]/G is not reached by a timing clock
Related violations: <none>

TIMING-20#25 Warning
Non-clocked latch  
The latch design_2_i/RelationalCache_0/inst/trapper/axi_rdata_reg[121] cannot be properly analyzed as its control pin design_2_i/RelationalCache_0/inst/trapper/axi_rdata_reg[121]/G is not reached by a timing clock
Related violations: <none>

TIMING-20#26 Warning
Non-clocked latch  
The latch design_2_i/RelationalCache_0/inst/trapper/axi_rdata_reg[122] cannot be properly analyzed as its control pin design_2_i/RelationalCache_0/inst/trapper/axi_rdata_reg[122]/G is not reached by a timing clock
Related violations: <none>

TIMING-20#27 Warning
Non-clocked latch  
The latch design_2_i/RelationalCache_0/inst/trapper/axi_rdata_reg[123] cannot be properly analyzed as its control pin design_2_i/RelationalCache_0/inst/trapper/axi_rdata_reg[123]/G is not reached by a timing clock
Related violations: <none>

TIMING-20#28 Warning
Non-clocked latch  
The latch design_2_i/RelationalCache_0/inst/trapper/axi_rdata_reg[124] cannot be properly analyzed as its control pin design_2_i/RelationalCache_0/inst/trapper/axi_rdata_reg[124]/G is not reached by a timing clock
Related violations: <none>

TIMING-20#29 Warning
Non-clocked latch  
The latch design_2_i/RelationalCache_0/inst/trapper/axi_rdata_reg[125] cannot be properly analyzed as its control pin design_2_i/RelationalCache_0/inst/trapper/axi_rdata_reg[125]/G is not reached by a timing clock
Related violations: <none>

TIMING-20#30 Warning
Non-clocked latch  
The latch design_2_i/RelationalCache_0/inst/trapper/axi_rdata_reg[126] cannot be properly analyzed as its control pin design_2_i/RelationalCache_0/inst/trapper/axi_rdata_reg[126]/G is not reached by a timing clock
Related violations: <none>

TIMING-20#31 Warning
Non-clocked latch  
The latch design_2_i/RelationalCache_0/inst/trapper/axi_rdata_reg[127] cannot be properly analyzed as its control pin design_2_i/RelationalCache_0/inst/trapper/axi_rdata_reg[127]/G is not reached by a timing clock
Related violations: <none>

TIMING-20#32 Warning
Non-clocked latch  
The latch design_2_i/RelationalCache_0/inst/trapper/axi_rdata_reg[12] cannot be properly analyzed as its control pin design_2_i/RelationalCache_0/inst/trapper/axi_rdata_reg[12]/G is not reached by a timing clock
Related violations: <none>

TIMING-20#33 Warning
Non-clocked latch  
The latch design_2_i/RelationalCache_0/inst/trapper/axi_rdata_reg[13] cannot be properly analyzed as its control pin design_2_i/RelationalCache_0/inst/trapper/axi_rdata_reg[13]/G is not reached by a timing clock
Related violations: <none>

TIMING-20#34 Warning
Non-clocked latch  
The latch design_2_i/RelationalCache_0/inst/trapper/axi_rdata_reg[14] cannot be properly analyzed as its control pin design_2_i/RelationalCache_0/inst/trapper/axi_rdata_reg[14]/G is not reached by a timing clock
Related violations: <none>

TIMING-20#35 Warning
Non-clocked latch  
The latch design_2_i/RelationalCache_0/inst/trapper/axi_rdata_reg[15] cannot be properly analyzed as its control pin design_2_i/RelationalCache_0/inst/trapper/axi_rdata_reg[15]/G is not reached by a timing clock
Related violations: <none>

TIMING-20#36 Warning
Non-clocked latch  
The latch design_2_i/RelationalCache_0/inst/trapper/axi_rdata_reg[16] cannot be properly analyzed as its control pin design_2_i/RelationalCache_0/inst/trapper/axi_rdata_reg[16]/G is not reached by a timing clock
Related violations: <none>

TIMING-20#37 Warning
Non-clocked latch  
The latch design_2_i/RelationalCache_0/inst/trapper/axi_rdata_reg[17] cannot be properly analyzed as its control pin design_2_i/RelationalCache_0/inst/trapper/axi_rdata_reg[17]/G is not reached by a timing clock
Related violations: <none>

TIMING-20#38 Warning
Non-clocked latch  
The latch design_2_i/RelationalCache_0/inst/trapper/axi_rdata_reg[18] cannot be properly analyzed as its control pin design_2_i/RelationalCache_0/inst/trapper/axi_rdata_reg[18]/G is not reached by a timing clock
Related violations: <none>

TIMING-20#39 Warning
Non-clocked latch  
The latch design_2_i/RelationalCache_0/inst/trapper/axi_rdata_reg[19] cannot be properly analyzed as its control pin design_2_i/RelationalCache_0/inst/trapper/axi_rdata_reg[19]/G is not reached by a timing clock
Related violations: <none>

TIMING-20#40 Warning
Non-clocked latch  
The latch design_2_i/RelationalCache_0/inst/trapper/axi_rdata_reg[1] cannot be properly analyzed as its control pin design_2_i/RelationalCache_0/inst/trapper/axi_rdata_reg[1]/G is not reached by a timing clock
Related violations: <none>

TIMING-20#41 Warning
Non-clocked latch  
The latch design_2_i/RelationalCache_0/inst/trapper/axi_rdata_reg[20] cannot be properly analyzed as its control pin design_2_i/RelationalCache_0/inst/trapper/axi_rdata_reg[20]/G is not reached by a timing clock
Related violations: <none>

TIMING-20#42 Warning
Non-clocked latch  
The latch design_2_i/RelationalCache_0/inst/trapper/axi_rdata_reg[21] cannot be properly analyzed as its control pin design_2_i/RelationalCache_0/inst/trapper/axi_rdata_reg[21]/G is not reached by a timing clock
Related violations: <none>

TIMING-20#43 Warning
Non-clocked latch  
The latch design_2_i/RelationalCache_0/inst/trapper/axi_rdata_reg[22] cannot be properly analyzed as its control pin design_2_i/RelationalCache_0/inst/trapper/axi_rdata_reg[22]/G is not reached by a timing clock
Related violations: <none>

TIMING-20#44 Warning
Non-clocked latch  
The latch design_2_i/RelationalCache_0/inst/trapper/axi_rdata_reg[23] cannot be properly analyzed as its control pin design_2_i/RelationalCache_0/inst/trapper/axi_rdata_reg[23]/G is not reached by a timing clock
Related violations: <none>

TIMING-20#45 Warning
Non-clocked latch  
The latch design_2_i/RelationalCache_0/inst/trapper/axi_rdata_reg[24] cannot be properly analyzed as its control pin design_2_i/RelationalCache_0/inst/trapper/axi_rdata_reg[24]/G is not reached by a timing clock
Related violations: <none>

TIMING-20#46 Warning
Non-clocked latch  
The latch design_2_i/RelationalCache_0/inst/trapper/axi_rdata_reg[25] cannot be properly analyzed as its control pin design_2_i/RelationalCache_0/inst/trapper/axi_rdata_reg[25]/G is not reached by a timing clock
Related violations: <none>

TIMING-20#47 Warning
Non-clocked latch  
The latch design_2_i/RelationalCache_0/inst/trapper/axi_rdata_reg[26] cannot be properly analyzed as its control pin design_2_i/RelationalCache_0/inst/trapper/axi_rdata_reg[26]/G is not reached by a timing clock
Related violations: <none>

TIMING-20#48 Warning
Non-clocked latch  
The latch design_2_i/RelationalCache_0/inst/trapper/axi_rdata_reg[27] cannot be properly analyzed as its control pin design_2_i/RelationalCache_0/inst/trapper/axi_rdata_reg[27]/G is not reached by a timing clock
Related violations: <none>

TIMING-20#49 Warning
Non-clocked latch  
The latch design_2_i/RelationalCache_0/inst/trapper/axi_rdata_reg[28] cannot be properly analyzed as its control pin design_2_i/RelationalCache_0/inst/trapper/axi_rdata_reg[28]/G is not reached by a timing clock
Related violations: <none>

TIMING-20#50 Warning
Non-clocked latch  
The latch design_2_i/RelationalCache_0/inst/trapper/axi_rdata_reg[29] cannot be properly analyzed as its control pin design_2_i/RelationalCache_0/inst/trapper/axi_rdata_reg[29]/G is not reached by a timing clock
Related violations: <none>

TIMING-20#51 Warning
Non-clocked latch  
The latch design_2_i/RelationalCache_0/inst/trapper/axi_rdata_reg[2] cannot be properly analyzed as its control pin design_2_i/RelationalCache_0/inst/trapper/axi_rdata_reg[2]/G is not reached by a timing clock
Related violations: <none>

TIMING-20#52 Warning
Non-clocked latch  
The latch design_2_i/RelationalCache_0/inst/trapper/axi_rdata_reg[30] cannot be properly analyzed as its control pin design_2_i/RelationalCache_0/inst/trapper/axi_rdata_reg[30]/G is not reached by a timing clock
Related violations: <none>

TIMING-20#53 Warning
Non-clocked latch  
The latch design_2_i/RelationalCache_0/inst/trapper/axi_rdata_reg[31] cannot be properly analyzed as its control pin design_2_i/RelationalCache_0/inst/trapper/axi_rdata_reg[31]/G is not reached by a timing clock
Related violations: <none>

TIMING-20#54 Warning
Non-clocked latch  
The latch design_2_i/RelationalCache_0/inst/trapper/axi_rdata_reg[32] cannot be properly analyzed as its control pin design_2_i/RelationalCache_0/inst/trapper/axi_rdata_reg[32]/G is not reached by a timing clock
Related violations: <none>

TIMING-20#55 Warning
Non-clocked latch  
The latch design_2_i/RelationalCache_0/inst/trapper/axi_rdata_reg[33] cannot be properly analyzed as its control pin design_2_i/RelationalCache_0/inst/trapper/axi_rdata_reg[33]/G is not reached by a timing clock
Related violations: <none>

TIMING-20#56 Warning
Non-clocked latch  
The latch design_2_i/RelationalCache_0/inst/trapper/axi_rdata_reg[34] cannot be properly analyzed as its control pin design_2_i/RelationalCache_0/inst/trapper/axi_rdata_reg[34]/G is not reached by a timing clock
Related violations: <none>

TIMING-20#57 Warning
Non-clocked latch  
The latch design_2_i/RelationalCache_0/inst/trapper/axi_rdata_reg[35] cannot be properly analyzed as its control pin design_2_i/RelationalCache_0/inst/trapper/axi_rdata_reg[35]/G is not reached by a timing clock
Related violations: <none>

TIMING-20#58 Warning
Non-clocked latch  
The latch design_2_i/RelationalCache_0/inst/trapper/axi_rdata_reg[36] cannot be properly analyzed as its control pin design_2_i/RelationalCache_0/inst/trapper/axi_rdata_reg[36]/G is not reached by a timing clock
Related violations: <none>

TIMING-20#59 Warning
Non-clocked latch  
The latch design_2_i/RelationalCache_0/inst/trapper/axi_rdata_reg[37] cannot be properly analyzed as its control pin design_2_i/RelationalCache_0/inst/trapper/axi_rdata_reg[37]/G is not reached by a timing clock
Related violations: <none>

TIMING-20#60 Warning
Non-clocked latch  
The latch design_2_i/RelationalCache_0/inst/trapper/axi_rdata_reg[38] cannot be properly analyzed as its control pin design_2_i/RelationalCache_0/inst/trapper/axi_rdata_reg[38]/G is not reached by a timing clock
Related violations: <none>

TIMING-20#61 Warning
Non-clocked latch  
The latch design_2_i/RelationalCache_0/inst/trapper/axi_rdata_reg[39] cannot be properly analyzed as its control pin design_2_i/RelationalCache_0/inst/trapper/axi_rdata_reg[39]/G is not reached by a timing clock
Related violations: <none>

TIMING-20#62 Warning
Non-clocked latch  
The latch design_2_i/RelationalCache_0/inst/trapper/axi_rdata_reg[3] cannot be properly analyzed as its control pin design_2_i/RelationalCache_0/inst/trapper/axi_rdata_reg[3]/G is not reached by a timing clock
Related violations: <none>

TIMING-20#63 Warning
Non-clocked latch  
The latch design_2_i/RelationalCache_0/inst/trapper/axi_rdata_reg[40] cannot be properly analyzed as its control pin design_2_i/RelationalCache_0/inst/trapper/axi_rdata_reg[40]/G is not reached by a timing clock
Related violations: <none>

TIMING-20#64 Warning
Non-clocked latch  
The latch design_2_i/RelationalCache_0/inst/trapper/axi_rdata_reg[41] cannot be properly analyzed as its control pin design_2_i/RelationalCache_0/inst/trapper/axi_rdata_reg[41]/G is not reached by a timing clock
Related violations: <none>

TIMING-20#65 Warning
Non-clocked latch  
The latch design_2_i/RelationalCache_0/inst/trapper/axi_rdata_reg[42] cannot be properly analyzed as its control pin design_2_i/RelationalCache_0/inst/trapper/axi_rdata_reg[42]/G is not reached by a timing clock
Related violations: <none>

TIMING-20#66 Warning
Non-clocked latch  
The latch design_2_i/RelationalCache_0/inst/trapper/axi_rdata_reg[43] cannot be properly analyzed as its control pin design_2_i/RelationalCache_0/inst/trapper/axi_rdata_reg[43]/G is not reached by a timing clock
Related violations: <none>

TIMING-20#67 Warning
Non-clocked latch  
The latch design_2_i/RelationalCache_0/inst/trapper/axi_rdata_reg[44] cannot be properly analyzed as its control pin design_2_i/RelationalCache_0/inst/trapper/axi_rdata_reg[44]/G is not reached by a timing clock
Related violations: <none>

TIMING-20#68 Warning
Non-clocked latch  
The latch design_2_i/RelationalCache_0/inst/trapper/axi_rdata_reg[45] cannot be properly analyzed as its control pin design_2_i/RelationalCache_0/inst/trapper/axi_rdata_reg[45]/G is not reached by a timing clock
Related violations: <none>

TIMING-20#69 Warning
Non-clocked latch  
The latch design_2_i/RelationalCache_0/inst/trapper/axi_rdata_reg[46] cannot be properly analyzed as its control pin design_2_i/RelationalCache_0/inst/trapper/axi_rdata_reg[46]/G is not reached by a timing clock
Related violations: <none>

TIMING-20#70 Warning
Non-clocked latch  
The latch design_2_i/RelationalCache_0/inst/trapper/axi_rdata_reg[47] cannot be properly analyzed as its control pin design_2_i/RelationalCache_0/inst/trapper/axi_rdata_reg[47]/G is not reached by a timing clock
Related violations: <none>

TIMING-20#71 Warning
Non-clocked latch  
The latch design_2_i/RelationalCache_0/inst/trapper/axi_rdata_reg[48] cannot be properly analyzed as its control pin design_2_i/RelationalCache_0/inst/trapper/axi_rdata_reg[48]/G is not reached by a timing clock
Related violations: <none>

TIMING-20#72 Warning
Non-clocked latch  
The latch design_2_i/RelationalCache_0/inst/trapper/axi_rdata_reg[49] cannot be properly analyzed as its control pin design_2_i/RelationalCache_0/inst/trapper/axi_rdata_reg[49]/G is not reached by a timing clock
Related violations: <none>

TIMING-20#73 Warning
Non-clocked latch  
The latch design_2_i/RelationalCache_0/inst/trapper/axi_rdata_reg[4] cannot be properly analyzed as its control pin design_2_i/RelationalCache_0/inst/trapper/axi_rdata_reg[4]/G is not reached by a timing clock
Related violations: <none>

TIMING-20#74 Warning
Non-clocked latch  
The latch design_2_i/RelationalCache_0/inst/trapper/axi_rdata_reg[50] cannot be properly analyzed as its control pin design_2_i/RelationalCache_0/inst/trapper/axi_rdata_reg[50]/G is not reached by a timing clock
Related violations: <none>

TIMING-20#75 Warning
Non-clocked latch  
The latch design_2_i/RelationalCache_0/inst/trapper/axi_rdata_reg[51] cannot be properly analyzed as its control pin design_2_i/RelationalCache_0/inst/trapper/axi_rdata_reg[51]/G is not reached by a timing clock
Related violations: <none>

TIMING-20#76 Warning
Non-clocked latch  
The latch design_2_i/RelationalCache_0/inst/trapper/axi_rdata_reg[52] cannot be properly analyzed as its control pin design_2_i/RelationalCache_0/inst/trapper/axi_rdata_reg[52]/G is not reached by a timing clock
Related violations: <none>

TIMING-20#77 Warning
Non-clocked latch  
The latch design_2_i/RelationalCache_0/inst/trapper/axi_rdata_reg[53] cannot be properly analyzed as its control pin design_2_i/RelationalCache_0/inst/trapper/axi_rdata_reg[53]/G is not reached by a timing clock
Related violations: <none>

TIMING-20#78 Warning
Non-clocked latch  
The latch design_2_i/RelationalCache_0/inst/trapper/axi_rdata_reg[54] cannot be properly analyzed as its control pin design_2_i/RelationalCache_0/inst/trapper/axi_rdata_reg[54]/G is not reached by a timing clock
Related violations: <none>

TIMING-20#79 Warning
Non-clocked latch  
The latch design_2_i/RelationalCache_0/inst/trapper/axi_rdata_reg[55] cannot be properly analyzed as its control pin design_2_i/RelationalCache_0/inst/trapper/axi_rdata_reg[55]/G is not reached by a timing clock
Related violations: <none>

TIMING-20#80 Warning
Non-clocked latch  
The latch design_2_i/RelationalCache_0/inst/trapper/axi_rdata_reg[56] cannot be properly analyzed as its control pin design_2_i/RelationalCache_0/inst/trapper/axi_rdata_reg[56]/G is not reached by a timing clock
Related violations: <none>

TIMING-20#81 Warning
Non-clocked latch  
The latch design_2_i/RelationalCache_0/inst/trapper/axi_rdata_reg[57] cannot be properly analyzed as its control pin design_2_i/RelationalCache_0/inst/trapper/axi_rdata_reg[57]/G is not reached by a timing clock
Related violations: <none>

TIMING-20#82 Warning
Non-clocked latch  
The latch design_2_i/RelationalCache_0/inst/trapper/axi_rdata_reg[58] cannot be properly analyzed as its control pin design_2_i/RelationalCache_0/inst/trapper/axi_rdata_reg[58]/G is not reached by a timing clock
Related violations: <none>

TIMING-20#83 Warning
Non-clocked latch  
The latch design_2_i/RelationalCache_0/inst/trapper/axi_rdata_reg[59] cannot be properly analyzed as its control pin design_2_i/RelationalCache_0/inst/trapper/axi_rdata_reg[59]/G is not reached by a timing clock
Related violations: <none>

TIMING-20#84 Warning
Non-clocked latch  
The latch design_2_i/RelationalCache_0/inst/trapper/axi_rdata_reg[5] cannot be properly analyzed as its control pin design_2_i/RelationalCache_0/inst/trapper/axi_rdata_reg[5]/G is not reached by a timing clock
Related violations: <none>

TIMING-20#85 Warning
Non-clocked latch  
The latch design_2_i/RelationalCache_0/inst/trapper/axi_rdata_reg[60] cannot be properly analyzed as its control pin design_2_i/RelationalCache_0/inst/trapper/axi_rdata_reg[60]/G is not reached by a timing clock
Related violations: <none>

TIMING-20#86 Warning
Non-clocked latch  
The latch design_2_i/RelationalCache_0/inst/trapper/axi_rdata_reg[61] cannot be properly analyzed as its control pin design_2_i/RelationalCache_0/inst/trapper/axi_rdata_reg[61]/G is not reached by a timing clock
Related violations: <none>

TIMING-20#87 Warning
Non-clocked latch  
The latch design_2_i/RelationalCache_0/inst/trapper/axi_rdata_reg[62] cannot be properly analyzed as its control pin design_2_i/RelationalCache_0/inst/trapper/axi_rdata_reg[62]/G is not reached by a timing clock
Related violations: <none>

TIMING-20#88 Warning
Non-clocked latch  
The latch design_2_i/RelationalCache_0/inst/trapper/axi_rdata_reg[63] cannot be properly analyzed as its control pin design_2_i/RelationalCache_0/inst/trapper/axi_rdata_reg[63]/G is not reached by a timing clock
Related violations: <none>

TIMING-20#89 Warning
Non-clocked latch  
The latch design_2_i/RelationalCache_0/inst/trapper/axi_rdata_reg[64] cannot be properly analyzed as its control pin design_2_i/RelationalCache_0/inst/trapper/axi_rdata_reg[64]/G is not reached by a timing clock
Related violations: <none>

TIMING-20#90 Warning
Non-clocked latch  
The latch design_2_i/RelationalCache_0/inst/trapper/axi_rdata_reg[65] cannot be properly analyzed as its control pin design_2_i/RelationalCache_0/inst/trapper/axi_rdata_reg[65]/G is not reached by a timing clock
Related violations: <none>

TIMING-20#91 Warning
Non-clocked latch  
The latch design_2_i/RelationalCache_0/inst/trapper/axi_rdata_reg[66] cannot be properly analyzed as its control pin design_2_i/RelationalCache_0/inst/trapper/axi_rdata_reg[66]/G is not reached by a timing clock
Related violations: <none>

TIMING-20#92 Warning
Non-clocked latch  
The latch design_2_i/RelationalCache_0/inst/trapper/axi_rdata_reg[67] cannot be properly analyzed as its control pin design_2_i/RelationalCache_0/inst/trapper/axi_rdata_reg[67]/G is not reached by a timing clock
Related violations: <none>

TIMING-20#93 Warning
Non-clocked latch  
The latch design_2_i/RelationalCache_0/inst/trapper/axi_rdata_reg[68] cannot be properly analyzed as its control pin design_2_i/RelationalCache_0/inst/trapper/axi_rdata_reg[68]/G is not reached by a timing clock
Related violations: <none>

TIMING-20#94 Warning
Non-clocked latch  
The latch design_2_i/RelationalCache_0/inst/trapper/axi_rdata_reg[69] cannot be properly analyzed as its control pin design_2_i/RelationalCache_0/inst/trapper/axi_rdata_reg[69]/G is not reached by a timing clock
Related violations: <none>

TIMING-20#95 Warning
Non-clocked latch  
The latch design_2_i/RelationalCache_0/inst/trapper/axi_rdata_reg[6] cannot be properly analyzed as its control pin design_2_i/RelationalCache_0/inst/trapper/axi_rdata_reg[6]/G is not reached by a timing clock
Related violations: <none>

TIMING-20#96 Warning
Non-clocked latch  
The latch design_2_i/RelationalCache_0/inst/trapper/axi_rdata_reg[70] cannot be properly analyzed as its control pin design_2_i/RelationalCache_0/inst/trapper/axi_rdata_reg[70]/G is not reached by a timing clock
Related violations: <none>

TIMING-20#97 Warning
Non-clocked latch  
The latch design_2_i/RelationalCache_0/inst/trapper/axi_rdata_reg[71] cannot be properly analyzed as its control pin design_2_i/RelationalCache_0/inst/trapper/axi_rdata_reg[71]/G is not reached by a timing clock
Related violations: <none>

TIMING-20#98 Warning
Non-clocked latch  
The latch design_2_i/RelationalCache_0/inst/trapper/axi_rdata_reg[72] cannot be properly analyzed as its control pin design_2_i/RelationalCache_0/inst/trapper/axi_rdata_reg[72]/G is not reached by a timing clock
Related violations: <none>

TIMING-20#99 Warning
Non-clocked latch  
The latch design_2_i/RelationalCache_0/inst/trapper/axi_rdata_reg[73] cannot be properly analyzed as its control pin design_2_i/RelationalCache_0/inst/trapper/axi_rdata_reg[73]/G is not reached by a timing clock
Related violations: <none>

TIMING-20#100 Warning
Non-clocked latch  
The latch design_2_i/RelationalCache_0/inst/trapper/axi_rdata_reg[74] cannot be properly analyzed as its control pin design_2_i/RelationalCache_0/inst/trapper/axi_rdata_reg[74]/G is not reached by a timing clock
Related violations: <none>

TIMING-20#101 Warning
Non-clocked latch  
The latch design_2_i/RelationalCache_0/inst/trapper/axi_rdata_reg[75] cannot be properly analyzed as its control pin design_2_i/RelationalCache_0/inst/trapper/axi_rdata_reg[75]/G is not reached by a timing clock
Related violations: <none>

TIMING-20#102 Warning
Non-clocked latch  
The latch design_2_i/RelationalCache_0/inst/trapper/axi_rdata_reg[76] cannot be properly analyzed as its control pin design_2_i/RelationalCache_0/inst/trapper/axi_rdata_reg[76]/G is not reached by a timing clock
Related violations: <none>

TIMING-20#103 Warning
Non-clocked latch  
The latch design_2_i/RelationalCache_0/inst/trapper/axi_rdata_reg[77] cannot be properly analyzed as its control pin design_2_i/RelationalCache_0/inst/trapper/axi_rdata_reg[77]/G is not reached by a timing clock
Related violations: <none>

TIMING-20#104 Warning
Non-clocked latch  
The latch design_2_i/RelationalCache_0/inst/trapper/axi_rdata_reg[78] cannot be properly analyzed as its control pin design_2_i/RelationalCache_0/inst/trapper/axi_rdata_reg[78]/G is not reached by a timing clock
Related violations: <none>

TIMING-20#105 Warning
Non-clocked latch  
The latch design_2_i/RelationalCache_0/inst/trapper/axi_rdata_reg[79] cannot be properly analyzed as its control pin design_2_i/RelationalCache_0/inst/trapper/axi_rdata_reg[79]/G is not reached by a timing clock
Related violations: <none>

TIMING-20#106 Warning
Non-clocked latch  
The latch design_2_i/RelationalCache_0/inst/trapper/axi_rdata_reg[7] cannot be properly analyzed as its control pin design_2_i/RelationalCache_0/inst/trapper/axi_rdata_reg[7]/G is not reached by a timing clock
Related violations: <none>

TIMING-20#107 Warning
Non-clocked latch  
The latch design_2_i/RelationalCache_0/inst/trapper/axi_rdata_reg[80] cannot be properly analyzed as its control pin design_2_i/RelationalCache_0/inst/trapper/axi_rdata_reg[80]/G is not reached by a timing clock
Related violations: <none>

TIMING-20#108 Warning
Non-clocked latch  
The latch design_2_i/RelationalCache_0/inst/trapper/axi_rdata_reg[81] cannot be properly analyzed as its control pin design_2_i/RelationalCache_0/inst/trapper/axi_rdata_reg[81]/G is not reached by a timing clock
Related violations: <none>

TIMING-20#109 Warning
Non-clocked latch  
The latch design_2_i/RelationalCache_0/inst/trapper/axi_rdata_reg[82] cannot be properly analyzed as its control pin design_2_i/RelationalCache_0/inst/trapper/axi_rdata_reg[82]/G is not reached by a timing clock
Related violations: <none>

TIMING-20#110 Warning
Non-clocked latch  
The latch design_2_i/RelationalCache_0/inst/trapper/axi_rdata_reg[83] cannot be properly analyzed as its control pin design_2_i/RelationalCache_0/inst/trapper/axi_rdata_reg[83]/G is not reached by a timing clock
Related violations: <none>

TIMING-20#111 Warning
Non-clocked latch  
The latch design_2_i/RelationalCache_0/inst/trapper/axi_rdata_reg[84] cannot be properly analyzed as its control pin design_2_i/RelationalCache_0/inst/trapper/axi_rdata_reg[84]/G is not reached by a timing clock
Related violations: <none>

TIMING-20#112 Warning
Non-clocked latch  
The latch design_2_i/RelationalCache_0/inst/trapper/axi_rdata_reg[85] cannot be properly analyzed as its control pin design_2_i/RelationalCache_0/inst/trapper/axi_rdata_reg[85]/G is not reached by a timing clock
Related violations: <none>

TIMING-20#113 Warning
Non-clocked latch  
The latch design_2_i/RelationalCache_0/inst/trapper/axi_rdata_reg[86] cannot be properly analyzed as its control pin design_2_i/RelationalCache_0/inst/trapper/axi_rdata_reg[86]/G is not reached by a timing clock
Related violations: <none>

TIMING-20#114 Warning
Non-clocked latch  
The latch design_2_i/RelationalCache_0/inst/trapper/axi_rdata_reg[87] cannot be properly analyzed as its control pin design_2_i/RelationalCache_0/inst/trapper/axi_rdata_reg[87]/G is not reached by a timing clock
Related violations: <none>

TIMING-20#115 Warning
Non-clocked latch  
The latch design_2_i/RelationalCache_0/inst/trapper/axi_rdata_reg[88] cannot be properly analyzed as its control pin design_2_i/RelationalCache_0/inst/trapper/axi_rdata_reg[88]/G is not reached by a timing clock
Related violations: <none>

TIMING-20#116 Warning
Non-clocked latch  
The latch design_2_i/RelationalCache_0/inst/trapper/axi_rdata_reg[89] cannot be properly analyzed as its control pin design_2_i/RelationalCache_0/inst/trapper/axi_rdata_reg[89]/G is not reached by a timing clock
Related violations: <none>

TIMING-20#117 Warning
Non-clocked latch  
The latch design_2_i/RelationalCache_0/inst/trapper/axi_rdata_reg[8] cannot be properly analyzed as its control pin design_2_i/RelationalCache_0/inst/trapper/axi_rdata_reg[8]/G is not reached by a timing clock
Related violations: <none>

TIMING-20#118 Warning
Non-clocked latch  
The latch design_2_i/RelationalCache_0/inst/trapper/axi_rdata_reg[90] cannot be properly analyzed as its control pin design_2_i/RelationalCache_0/inst/trapper/axi_rdata_reg[90]/G is not reached by a timing clock
Related violations: <none>

TIMING-20#119 Warning
Non-clocked latch  
The latch design_2_i/RelationalCache_0/inst/trapper/axi_rdata_reg[91] cannot be properly analyzed as its control pin design_2_i/RelationalCache_0/inst/trapper/axi_rdata_reg[91]/G is not reached by a timing clock
Related violations: <none>

TIMING-20#120 Warning
Non-clocked latch  
The latch design_2_i/RelationalCache_0/inst/trapper/axi_rdata_reg[92] cannot be properly analyzed as its control pin design_2_i/RelationalCache_0/inst/trapper/axi_rdata_reg[92]/G is not reached by a timing clock
Related violations: <none>

TIMING-20#121 Warning
Non-clocked latch  
The latch design_2_i/RelationalCache_0/inst/trapper/axi_rdata_reg[93] cannot be properly analyzed as its control pin design_2_i/RelationalCache_0/inst/trapper/axi_rdata_reg[93]/G is not reached by a timing clock
Related violations: <none>

TIMING-20#122 Warning
Non-clocked latch  
The latch design_2_i/RelationalCache_0/inst/trapper/axi_rdata_reg[94] cannot be properly analyzed as its control pin design_2_i/RelationalCache_0/inst/trapper/axi_rdata_reg[94]/G is not reached by a timing clock
Related violations: <none>

TIMING-20#123 Warning
Non-clocked latch  
The latch design_2_i/RelationalCache_0/inst/trapper/axi_rdata_reg[95] cannot be properly analyzed as its control pin design_2_i/RelationalCache_0/inst/trapper/axi_rdata_reg[95]/G is not reached by a timing clock
Related violations: <none>

TIMING-20#124 Warning
Non-clocked latch  
The latch design_2_i/RelationalCache_0/inst/trapper/axi_rdata_reg[96] cannot be properly analyzed as its control pin design_2_i/RelationalCache_0/inst/trapper/axi_rdata_reg[96]/G is not reached by a timing clock
Related violations: <none>

TIMING-20#125 Warning
Non-clocked latch  
The latch design_2_i/RelationalCache_0/inst/trapper/axi_rdata_reg[97] cannot be properly analyzed as its control pin design_2_i/RelationalCache_0/inst/trapper/axi_rdata_reg[97]/G is not reached by a timing clock
Related violations: <none>

TIMING-20#126 Warning
Non-clocked latch  
The latch design_2_i/RelationalCache_0/inst/trapper/axi_rdata_reg[98] cannot be properly analyzed as its control pin design_2_i/RelationalCache_0/inst/trapper/axi_rdata_reg[98]/G is not reached by a timing clock
Related violations: <none>

TIMING-20#127 Warning
Non-clocked latch  
The latch design_2_i/RelationalCache_0/inst/trapper/axi_rdata_reg[99] cannot be properly analyzed as its control pin design_2_i/RelationalCache_0/inst/trapper/axi_rdata_reg[99]/G is not reached by a timing clock
Related violations: <none>

TIMING-20#128 Warning
Non-clocked latch  
The latch design_2_i/RelationalCache_0/inst/trapper/axi_rdata_reg[9] cannot be properly analyzed as its control pin design_2_i/RelationalCache_0/inst/trapper/axi_rdata_reg[9]/G is not reached by a timing clock
Related violations: <none>

TIMING-35#1 Warning
No common node in paths with the same clock  
The clock dbg_hub/inst/BSCANID.u_xsdbm_id/SWITCH_N_EXT_BSCAN.bscan_inst/SERIES7_BSCAN.bscan_inst/INTERNAL_TCK has paths without a common node. First path found between dbg_hub/inst/BSCANID.u_xsdbm_id/SWITCH_N_EXT_BSCAN.bscan_inst/SERIES7_BSCAN.bscan_inst/INTERNAL_TCK and dbg_hub/inst/BSCANID.u_xsdbm_id/SWITCH_N_EXT_BSCAN.bscan_inst/SERIES7_BSCAN.bscan_inst/TDO. Please review clock constraints
Related violations: <none>

XDCB-5#1 Warning
Runtime inefficient way to find pin objects  
The option '-from : [get_pins -hierarchical -filter { NAME =~  "*ila_core_inst/u_ila_cap_ctrl/U_CDONE/I_YESLUT6.U_SRL32_*/CLK*" }]' of constraint 'set_false_path' uses inefficient query to find pin objects (see constraint position '104' in the Timing Constraint window in Vivado IDE). To reduce runtime, it is recommended to get the pins through the cell objects. Please refer to Using Constraints Guide (Constraints Efficiency). An example of optimal query is: get_pins -filter {REF_PIN_NAME=~yy*} -of_objects [get_cells -hierarchical xx*].
Current XDC: /home/renato/RelationalMem/ZYNQ_ULTRASCARE+_bkp_sep_20/RatMem/RatMem.srcs/sources_1/bd/design_2/ip/design_2_ila_0_0_2/ila_v6_2/constraints/ila.xdc (Line: 80)
Related violations: <none>

XDCB-5#2 Warning
Runtime inefficient way to find pin objects  
The option '-from : [get_pins -hierarchical -filter { NAME =~  "*ila_core_inst/u_ila_cap_ctrl/U_CDONE/I_YESLUT6.U_SRL32_*/CLK*" }]' of constraint 'set_false_path' uses inefficient query to find pin objects (see constraint position '52' in the Timing Constraint window in Vivado IDE). To reduce runtime, it is recommended to get the pins through the cell objects. Please refer to Using Constraints Guide (Constraints Efficiency). An example of optimal query is: get_pins -filter {REF_PIN_NAME=~yy*} -of_objects [get_cells -hierarchical xx*].
Current XDC: /home/renato/RelationalMem/ZYNQ_ULTRASCARE+_bkp_sep_20/RatMem/RatMem.srcs/sources_1/bd/design_2/ip/design_2_system_ila_0_0_2/bd_0/ip/ip_0/ila_v6_2/constraints/ila.xdc (Line: 80)
Related violations: <none>

XDCB-5#3 Warning
Runtime inefficient way to find pin objects  
The option '-from : [get_pins -hierarchical -filter { NAME =~  "*ila_core_inst/u_ila_cap_ctrl/U_NS0/I_YESLUT6.U_SRL32_*/CLK*" }]' of constraint 'set_false_path' uses inefficient query to find pin objects (see constraint position '105' in the Timing Constraint window in Vivado IDE). To reduce runtime, it is recommended to get the pins through the cell objects. Please refer to Using Constraints Guide (Constraints Efficiency). An example of optimal query is: get_pins -filter {REF_PIN_NAME=~yy*} -of_objects [get_cells -hierarchical xx*].
Current XDC: /home/renato/RelationalMem/ZYNQ_ULTRASCARE+_bkp_sep_20/RatMem/RatMem.srcs/sources_1/bd/design_2/ip/design_2_ila_0_0_2/ila_v6_2/constraints/ila.xdc (Line: 81)
Related violations: <none>

XDCB-5#4 Warning
Runtime inefficient way to find pin objects  
The option '-from : [get_pins -hierarchical -filter { NAME =~  "*ila_core_inst/u_ila_cap_ctrl/U_NS0/I_YESLUT6.U_SRL32_*/CLK*" }]' of constraint 'set_false_path' uses inefficient query to find pin objects (see constraint position '53' in the Timing Constraint window in Vivado IDE). To reduce runtime, it is recommended to get the pins through the cell objects. Please refer to Using Constraints Guide (Constraints Efficiency). An example of optimal query is: get_pins -filter {REF_PIN_NAME=~yy*} -of_objects [get_cells -hierarchical xx*].
Current XDC: /home/renato/RelationalMem/ZYNQ_ULTRASCARE+_bkp_sep_20/RatMem/RatMem.srcs/sources_1/bd/design_2/ip/design_2_system_ila_0_0_2/bd_0/ip/ip_0/ila_v6_2/constraints/ila.xdc (Line: 81)
Related violations: <none>

XDCB-5#5 Warning
Runtime inefficient way to find pin objects  
The option '-from : [get_pins -hierarchical -filter { NAME =~  "*ila_core_inst/u_ila_cap_ctrl/U_NS1/I_YESLUT6.U_SRL32_*/CLK*" }]' of constraint 'set_false_path' uses inefficient query to find pin objects (see constraint position '106' in the Timing Constraint window in Vivado IDE). To reduce runtime, it is recommended to get the pins through the cell objects. Please refer to Using Constraints Guide (Constraints Efficiency). An example of optimal query is: get_pins -filter {REF_PIN_NAME=~yy*} -of_objects [get_cells -hierarchical xx*].
Current XDC: /home/renato/RelationalMem/ZYNQ_ULTRASCARE+_bkp_sep_20/RatMem/RatMem.srcs/sources_1/bd/design_2/ip/design_2_ila_0_0_2/ila_v6_2/constraints/ila.xdc (Line: 82)
Related violations: <none>

XDCB-5#6 Warning
Runtime inefficient way to find pin objects  
The option '-from : [get_pins -hierarchical -filter { NAME =~  "*ila_core_inst/u_ila_cap_ctrl/U_NS1/I_YESLUT6.U_SRL32_*/CLK*" }]' of constraint 'set_false_path' uses inefficient query to find pin objects (see constraint position '54' in the Timing Constraint window in Vivado IDE). To reduce runtime, it is recommended to get the pins through the cell objects. Please refer to Using Constraints Guide (Constraints Efficiency). An example of optimal query is: get_pins -filter {REF_PIN_NAME=~yy*} -of_objects [get_cells -hierarchical xx*].
Current XDC: /home/renato/RelationalMem/ZYNQ_ULTRASCARE+_bkp_sep_20/RatMem/RatMem.srcs/sources_1/bd/design_2/ip/design_2_system_ila_0_0_2/bd_0/ip/ip_0/ila_v6_2/constraints/ila.xdc (Line: 82)
Related violations: <none>

XDCB-5#7 Warning
Runtime inefficient way to find pin objects  
The option '-from : [get_pins -hierarchical -filter { NAME =~  "*ila_core_inst/u_ila_cap_ctrl/u_cap_addrgen/U_CMPRESET/I_YESLUT6.U_SRL32_*/CLK*" }]' of constraint 'set_false_path' uses inefficient query to find pin objects (see constraint position '41' in the Timing Constraint window in Vivado IDE). To reduce runtime, it is recommended to get the pins through the cell objects. Please refer to Using Constraints Guide (Constraints Efficiency). An example of optimal query is: get_pins -filter {REF_PIN_NAME=~yy*} -of_objects [get_cells -hierarchical xx*].
Current XDC: /home/renato/RelationalMem/ZYNQ_ULTRASCARE+_bkp_sep_20/RatMem/RatMem.srcs/sources_1/bd/design_2/ip/design_2_system_ila_0_0_2/bd_0/ip/ip_0/ila_v6_2/constraints/ila.xdc (Line: 63)
Related violations: <none>

XDCB-5#8 Warning
Runtime inefficient way to find pin objects  
The option '-from : [get_pins -hierarchical -filter { NAME =~  "*ila_core_inst/u_ila_cap_ctrl/u_cap_addrgen/U_CMPRESET/I_YESLUT6.U_SRL32_*/CLK*" }]' of constraint 'set_false_path' uses inefficient query to find pin objects (see constraint position '46' in the Timing Constraint window in Vivado IDE). To reduce runtime, it is recommended to get the pins through the cell objects. Please refer to Using Constraints Guide (Constraints Efficiency). An example of optimal query is: get_pins -filter {REF_PIN_NAME=~yy*} -of_objects [get_cells -hierarchical xx*].
Current XDC: /home/renato/RelationalMem/ZYNQ_ULTRASCARE+_bkp_sep_20/RatMem/RatMem.srcs/sources_1/bd/design_2/ip/design_2_system_ila_0_0_2/bd_0/ip/ip_0/ila_v6_2/constraints/ila.xdc (Line: 74)
Related violations: <none>

XDCB-5#9 Warning
Runtime inefficient way to find pin objects  
The option '-from : [get_pins -hierarchical -filter { NAME =~  "*ila_core_inst/u_ila_cap_ctrl/u_cap_addrgen/U_CMPRESET/I_YESLUT6.U_SRL32_*/CLK*" }]' of constraint 'set_false_path' uses inefficient query to find pin objects (see constraint position '47' in the Timing Constraint window in Vivado IDE). To reduce runtime, it is recommended to get the pins through the cell objects. Please refer to Using Constraints Guide (Constraints Efficiency). An example of optimal query is: get_pins -filter {REF_PIN_NAME=~yy*} -of_objects [get_cells -hierarchical xx*].
Current XDC: /home/renato/RelationalMem/ZYNQ_ULTRASCARE+_bkp_sep_20/RatMem/RatMem.srcs/sources_1/bd/design_2/ip/design_2_system_ila_0_0_2/bd_0/ip/ip_0/ila_v6_2/constraints/ila.xdc (Line: 75)
Related violations: <none>

XDCB-5#10 Warning
Runtime inefficient way to find pin objects  
The option '-from : [get_pins -hierarchical -filter { NAME =~  "*ila_core_inst/u_ila_cap_ctrl/u_cap_addrgen/U_CMPRESET/I_YESLUT6.U_SRL32_*/CLK*" }]' of constraint 'set_false_path' uses inefficient query to find pin objects (see constraint position '93' in the Timing Constraint window in Vivado IDE). To reduce runtime, it is recommended to get the pins through the cell objects. Please refer to Using Constraints Guide (Constraints Efficiency). An example of optimal query is: get_pins -filter {REF_PIN_NAME=~yy*} -of_objects [get_cells -hierarchical xx*].
Current XDC: /home/renato/RelationalMem/ZYNQ_ULTRASCARE+_bkp_sep_20/RatMem/RatMem.srcs/sources_1/bd/design_2/ip/design_2_ila_0_0_2/ila_v6_2/constraints/ila.xdc (Line: 63)
Related violations: <none>

XDCB-5#11 Warning
Runtime inefficient way to find pin objects  
The option '-from : [get_pins -hierarchical -filter { NAME =~  "*ila_core_inst/u_ila_cap_ctrl/u_cap_addrgen/U_CMPRESET/I_YESLUT6.U_SRL32_*/CLK*" }]' of constraint 'set_false_path' uses inefficient query to find pin objects (see constraint position '98' in the Timing Constraint window in Vivado IDE). To reduce runtime, it is recommended to get the pins through the cell objects. Please refer to Using Constraints Guide (Constraints Efficiency). An example of optimal query is: get_pins -filter {REF_PIN_NAME=~yy*} -of_objects [get_cells -hierarchical xx*].
Current XDC: /home/renato/RelationalMem/ZYNQ_ULTRASCARE+_bkp_sep_20/RatMem/RatMem.srcs/sources_1/bd/design_2/ip/design_2_ila_0_0_2/ila_v6_2/constraints/ila.xdc (Line: 74)
Related violations: <none>

XDCB-5#12 Warning
Runtime inefficient way to find pin objects  
The option '-from : [get_pins -hierarchical -filter { NAME =~  "*ila_core_inst/u_ila_cap_ctrl/u_cap_addrgen/U_CMPRESET/I_YESLUT6.U_SRL32_*/CLK*" }]' of constraint 'set_false_path' uses inefficient query to find pin objects (see constraint position '99' in the Timing Constraint window in Vivado IDE). To reduce runtime, it is recommended to get the pins through the cell objects. Please refer to Using Constraints Guide (Constraints Efficiency). An example of optimal query is: get_pins -filter {REF_PIN_NAME=~yy*} -of_objects [get_cells -hierarchical xx*].
Current XDC: /home/renato/RelationalMem/ZYNQ_ULTRASCARE+_bkp_sep_20/RatMem/RatMem.srcs/sources_1/bd/design_2/ip/design_2_ila_0_0_2/ila_v6_2/constraints/ila.xdc (Line: 75)
Related violations: <none>

XDCB-5#13 Warning
Runtime inefficient way to find pin objects  
The option '-from : [get_pins -hierarchical -filter { NAME =~  "*ila_core_inst/u_ila_cap_ctrl/u_cap_addrgen/u_cap_sample_counter/U_SCE/I_YESLUT6.U_SRLC16E/CLK*" }]' of constraint 'set_false_path' uses inefficient query to find pin objects (see constraint position '100' in the Timing Constraint window in Vivado IDE). To reduce runtime, it is recommended to get the pins through the cell objects. Please refer to Using Constraints Guide (Constraints Efficiency). An example of optimal query is: get_pins -filter {REF_PIN_NAME=~yy*} -of_objects [get_cells -hierarchical xx*].
Current XDC: /home/renato/RelationalMem/ZYNQ_ULTRASCARE+_bkp_sep_20/RatMem/RatMem.srcs/sources_1/bd/design_2/ip/design_2_ila_0_0_2/ila_v6_2/constraints/ila.xdc (Line: 76)
Related violations: <none>

XDCB-5#14 Warning
Runtime inefficient way to find pin objects  
The option '-from : [get_pins -hierarchical -filter { NAME =~  "*ila_core_inst/u_ila_cap_ctrl/u_cap_addrgen/u_cap_sample_counter/U_SCE/I_YESLUT6.U_SRLC16E/CLK*" }]' of constraint 'set_false_path' uses inefficient query to find pin objects (see constraint position '101' in the Timing Constraint window in Vivado IDE). To reduce runtime, it is recommended to get the pins through the cell objects. Please refer to Using Constraints Guide (Constraints Efficiency). An example of optimal query is: get_pins -filter {REF_PIN_NAME=~yy*} -of_objects [get_cells -hierarchical xx*].
Current XDC: /home/renato/RelationalMem/ZYNQ_ULTRASCARE+_bkp_sep_20/RatMem/RatMem.srcs/sources_1/bd/design_2/ip/design_2_ila_0_0_2/ila_v6_2/constraints/ila.xdc (Line: 77)
Related violations: <none>

XDCB-5#15 Warning
Runtime inefficient way to find pin objects  
The option '-from : [get_pins -hierarchical -filter { NAME =~  "*ila_core_inst/u_ila_cap_ctrl/u_cap_addrgen/u_cap_sample_counter/U_SCE/I_YESLUT6.U_SRLC16E/CLK*" }]' of constraint 'set_false_path' uses inefficient query to find pin objects (see constraint position '48' in the Timing Constraint window in Vivado IDE). To reduce runtime, it is recommended to get the pins through the cell objects. Please refer to Using Constraints Guide (Constraints Efficiency). An example of optimal query is: get_pins -filter {REF_PIN_NAME=~yy*} -of_objects [get_cells -hierarchical xx*].
Current XDC: /home/renato/RelationalMem/ZYNQ_ULTRASCARE+_bkp_sep_20/RatMem/RatMem.srcs/sources_1/bd/design_2/ip/design_2_system_ila_0_0_2/bd_0/ip/ip_0/ila_v6_2/constraints/ila.xdc (Line: 76)
Related violations: <none>

XDCB-5#16 Warning
Runtime inefficient way to find pin objects  
The option '-from : [get_pins -hierarchical -filter { NAME =~  "*ila_core_inst/u_ila_cap_ctrl/u_cap_addrgen/u_cap_sample_counter/U_SCE/I_YESLUT6.U_SRLC16E/CLK*" }]' of constraint 'set_false_path' uses inefficient query to find pin objects (see constraint position '49' in the Timing Constraint window in Vivado IDE). To reduce runtime, it is recommended to get the pins through the cell objects. Please refer to Using Constraints Guide (Constraints Efficiency). An example of optimal query is: get_pins -filter {REF_PIN_NAME=~yy*} -of_objects [get_cells -hierarchical xx*].
Current XDC: /home/renato/RelationalMem/ZYNQ_ULTRASCARE+_bkp_sep_20/RatMem/RatMem.srcs/sources_1/bd/design_2/ip/design_2_system_ila_0_0_2/bd_0/ip/ip_0/ila_v6_2/constraints/ila.xdc (Line: 77)
Related violations: <none>

XDCB-5#17 Warning
Runtime inefficient way to find pin objects  
The option '-from : [get_pins -hierarchical -filter { NAME =~  "*ila_core_inst/u_ila_cap_ctrl/u_cap_addrgen/u_cap_sample_counter/U_SCMPCE/I_YESLUT6.U_SRL32/CLK*"}]' of constraint 'set_false_path' uses inefficient query to find pin objects (see constraint position '39' in the Timing Constraint window in Vivado IDE). To reduce runtime, it is recommended to get the pins through the cell objects. Please refer to Using Constraints Guide (Constraints Efficiency). An example of optimal query is: get_pins -filter {REF_PIN_NAME=~yy*} -of_objects [get_cells -hierarchical xx*].
Current XDC: /home/renato/RelationalMem/ZYNQ_ULTRASCARE+_bkp_sep_20/RatMem/RatMem.srcs/sources_1/bd/design_2/ip/design_2_system_ila_0_0_2/bd_0/ip/ip_0/ila_v6_2/constraints/ila.xdc (Line: 60)
Related violations: <none>

XDCB-5#18 Warning
Runtime inefficient way to find pin objects  
The option '-from : [get_pins -hierarchical -filter { NAME =~  "*ila_core_inst/u_ila_cap_ctrl/u_cap_addrgen/u_cap_sample_counter/U_SCMPCE/I_YESLUT6.U_SRL32/CLK*"}]' of constraint 'set_false_path' uses inefficient query to find pin objects (see constraint position '91' in the Timing Constraint window in Vivado IDE). To reduce runtime, it is recommended to get the pins through the cell objects. Please refer to Using Constraints Guide (Constraints Efficiency). An example of optimal query is: get_pins -filter {REF_PIN_NAME=~yy*} -of_objects [get_cells -hierarchical xx*].
Current XDC: /home/renato/RelationalMem/ZYNQ_ULTRASCARE+_bkp_sep_20/RatMem/RatMem.srcs/sources_1/bd/design_2/ip/design_2_ila_0_0_2/ila_v6_2/constraints/ila.xdc (Line: 60)
Related violations: <none>

XDCB-5#19 Warning
Runtime inefficient way to find pin objects  
The option '-from : [get_pins -hierarchical -filter { NAME =~  "*ila_core_inst/u_ila_cap_ctrl/u_cap_addrgen/u_cap_sample_counter/U_SCRST/I_YESLUT6.U_SRL32_*/CLK*" }]' of constraint 'set_false_path' uses inefficient query to find pin objects (see constraint position '102' in the Timing Constraint window in Vivado IDE). To reduce runtime, it is recommended to get the pins through the cell objects. Please refer to Using Constraints Guide (Constraints Efficiency). An example of optimal query is: get_pins -filter {REF_PIN_NAME=~yy*} -of_objects [get_cells -hierarchical xx*].
Current XDC: /home/renato/RelationalMem/ZYNQ_ULTRASCARE+_bkp_sep_20/RatMem/RatMem.srcs/sources_1/bd/design_2/ip/design_2_ila_0_0_2/ila_v6_2/constraints/ila.xdc (Line: 78)
Related violations: <none>

XDCB-5#20 Warning
Runtime inefficient way to find pin objects  
The option '-from : [get_pins -hierarchical -filter { NAME =~  "*ila_core_inst/u_ila_cap_ctrl/u_cap_addrgen/u_cap_sample_counter/U_SCRST/I_YESLUT6.U_SRL32_*/CLK*" }]' of constraint 'set_false_path' uses inefficient query to find pin objects (see constraint position '50' in the Timing Constraint window in Vivado IDE). To reduce runtime, it is recommended to get the pins through the cell objects. Please refer to Using Constraints Guide (Constraints Efficiency). An example of optimal query is: get_pins -filter {REF_PIN_NAME=~yy*} -of_objects [get_cells -hierarchical xx*].
Current XDC: /home/renato/RelationalMem/ZYNQ_ULTRASCARE+_bkp_sep_20/RatMem/RatMem.srcs/sources_1/bd/design_2/ip/design_2_system_ila_0_0_2/bd_0/ip/ip_0/ila_v6_2/constraints/ila.xdc (Line: 78)
Related violations: <none>

XDCB-5#21 Warning
Runtime inefficient way to find pin objects  
The option '-from : [get_pins -hierarchical -filter { NAME =~  "*ila_core_inst/u_ila_cap_ctrl/u_cap_addrgen/u_cap_sample_counter/u_scnt_cmp/allx_typeA_match_detection.ltlib_v1_0_0_allx_typeA_inst/DUT/I_WHOLE_SLICE.G_SLICE_IDX[*].U_ALL_SRL_SLICE/u_srl*/S*/CLK*"}]' of constraint 'set_false_path' uses inefficient query to find pin objects (see constraint position '110' in the Timing Constraint window in Vivado IDE). To reduce runtime, it is recommended to get the pins through the cell objects. Please refer to Using Constraints Guide (Constraints Efficiency). An example of optimal query is: get_pins -filter {REF_PIN_NAME=~yy*} -of_objects [get_cells -hierarchical xx*].
Current XDC: /home/renato/RelationalMem/ZYNQ_ULTRASCARE+_bkp_sep_20/RatMem/RatMem.runs/impl_1/.Xil/Vivado-22989-buflightdev/u_ila_0_CV.0/out/ila_impl.xdc (Line: 10)
Related violations: <none>

XDCB-5#22 Warning
Runtime inefficient way to find pin objects  
The option '-from : [get_pins -hierarchical -filter { NAME =~  "*ila_core_inst/u_ila_cap_ctrl/u_cap_addrgen/u_cap_sample_counter/u_scnt_cmp/allx_typeA_match_detection.ltlib_v1_0_0_allx_typeA_inst/DUT/I_WHOLE_SLICE.G_SLICE_IDX[*].U_ALL_SRL_SLICE/u_srl*/S*/CLK*"}]' of constraint 'set_false_path' uses inefficient query to find pin objects (see constraint position '4' in the Timing Constraint window in Vivado IDE). To reduce runtime, it is recommended to get the pins through the cell objects. Please refer to Using Constraints Guide (Constraints Efficiency). An example of optimal query is: get_pins -filter {REF_PIN_NAME=~yy*} -of_objects [get_cells -hierarchical xx*].
Current XDC: /home/renato/RelationalMem/ZYNQ_ULTRASCARE+_bkp_sep_20/RatMem/RatMem.srcs/sources_1/bd/design_2/ip/design_2_system_ila_0_0_2/bd_0/ip/ip_0/ila_v6_2/constraints/ila_impl.xdc (Line: 10)
Related violations: <none>

XDCB-5#23 Warning
Runtime inefficient way to find pin objects  
The option '-from : [get_pins -hierarchical -filter { NAME =~  "*ila_core_inst/u_ila_cap_ctrl/u_cap_addrgen/u_cap_sample_counter/u_scnt_cmp/allx_typeA_match_detection.ltlib_v1_0_0_allx_typeA_inst/DUT/I_WHOLE_SLICE.G_SLICE_IDX[*].U_ALL_SRL_SLICE/u_srl*/S*/CLK*"}]' of constraint 'set_false_path' uses inefficient query to find pin objects (see constraint position '56' in the Timing Constraint window in Vivado IDE). To reduce runtime, it is recommended to get the pins through the cell objects. Please refer to Using Constraints Guide (Constraints Efficiency). An example of optimal query is: get_pins -filter {REF_PIN_NAME=~yy*} -of_objects [get_cells -hierarchical xx*].
Current XDC: /home/renato/RelationalMem/ZYNQ_ULTRASCARE+_bkp_sep_20/RatMem/RatMem.srcs/sources_1/bd/design_2/ip/design_2_ila_0_0_2/ila_v6_2/constraints/ila_impl.xdc (Line: 10)
Related violations: <none>

XDCB-5#24 Warning
Runtime inefficient way to find pin objects  
The option '-from : [get_pins -hierarchical -filter { NAME =~  "*ila_core_inst/u_ila_cap_ctrl/u_cap_addrgen/u_cap_sample_counter/u_scnt_cmp/allx_typeA_match_detection.ltlib_v1_0_0_allx_typeA_inst/DUT/u_srl_drive/CLK*"}]' of constraint 'set_false_path' uses inefficient query to find pin objects (see constraint position '40' in the Timing Constraint window in Vivado IDE). To reduce runtime, it is recommended to get the pins through the cell objects. Please refer to Using Constraints Guide (Constraints Efficiency). An example of optimal query is: get_pins -filter {REF_PIN_NAME=~yy*} -of_objects [get_cells -hierarchical xx*].
Current XDC: /home/renato/RelationalMem/ZYNQ_ULTRASCARE+_bkp_sep_20/RatMem/RatMem.srcs/sources_1/bd/design_2/ip/design_2_system_ila_0_0_2/bd_0/ip/ip_0/ila_v6_2/constraints/ila.xdc (Line: 61)
Related violations: <none>

XDCB-5#25 Warning
Runtime inefficient way to find pin objects  
The option '-from : [get_pins -hierarchical -filter { NAME =~  "*ila_core_inst/u_ila_cap_ctrl/u_cap_addrgen/u_cap_sample_counter/u_scnt_cmp/allx_typeA_match_detection.ltlib_v1_0_0_allx_typeA_inst/DUT/u_srl_drive/CLK*"}]' of constraint 'set_false_path' uses inefficient query to find pin objects (see constraint position '92' in the Timing Constraint window in Vivado IDE). To reduce runtime, it is recommended to get the pins through the cell objects. Please refer to Using Constraints Guide (Constraints Efficiency). An example of optimal query is: get_pins -filter {REF_PIN_NAME=~yy*} -of_objects [get_cells -hierarchical xx*].
Current XDC: /home/renato/RelationalMem/ZYNQ_ULTRASCARE+_bkp_sep_20/RatMem/RatMem.srcs/sources_1/bd/design_2/ip/design_2_ila_0_0_2/ila_v6_2/constraints/ila.xdc (Line: 61)
Related violations: <none>

XDCB-5#26 Warning
Runtime inefficient way to find pin objects  
The option '-from : [get_pins -hierarchical -filter { NAME =~  "*ila_core_inst/u_ila_cap_ctrl/u_cap_addrgen/u_cap_window_counter/U_WCE/I_YESLUT6.U_SRLC16E/CLK*" }]' of constraint 'set_false_path' uses inefficient query to find pin objects (see constraint position '103' in the Timing Constraint window in Vivado IDE). To reduce runtime, it is recommended to get the pins through the cell objects. Please refer to Using Constraints Guide (Constraints Efficiency). An example of optimal query is: get_pins -filter {REF_PIN_NAME=~yy*} -of_objects [get_cells -hierarchical xx*].
Current XDC: /home/renato/RelationalMem/ZYNQ_ULTRASCARE+_bkp_sep_20/RatMem/RatMem.srcs/sources_1/bd/design_2/ip/design_2_ila_0_0_2/ila_v6_2/constraints/ila.xdc (Line: 79)
Related violations: <none>

XDCB-5#27 Warning
Runtime inefficient way to find pin objects  
The option '-from : [get_pins -hierarchical -filter { NAME =~  "*ila_core_inst/u_ila_cap_ctrl/u_cap_addrgen/u_cap_window_counter/U_WCE/I_YESLUT6.U_SRLC16E/CLK*" }]' of constraint 'set_false_path' uses inefficient query to find pin objects (see constraint position '51' in the Timing Constraint window in Vivado IDE). To reduce runtime, it is recommended to get the pins through the cell objects. Please refer to Using Constraints Guide (Constraints Efficiency). An example of optimal query is: get_pins -filter {REF_PIN_NAME=~yy*} -of_objects [get_cells -hierarchical xx*].
Current XDC: /home/renato/RelationalMem/ZYNQ_ULTRASCARE+_bkp_sep_20/RatMem/RatMem.srcs/sources_1/bd/design_2/ip/design_2_system_ila_0_0_2/bd_0/ip/ip_0/ila_v6_2/constraints/ila.xdc (Line: 79)
Related violations: <none>

XDCB-5#28 Warning
Runtime inefficient way to find pin objects  
The option '-from : [get_pins -hierarchical -filter { NAME =~  "*ila_core_inst/u_ila_cap_ctrl/u_cap_addrgen/u_cap_window_counter/U_WHCMPCE/I_YESLUT6.U_SRL32/CLK*"}]' of constraint 'set_false_path' uses inefficient query to find pin objects (see constraint position '44' in the Timing Constraint window in Vivado IDE). To reduce runtime, it is recommended to get the pins through the cell objects. Please refer to Using Constraints Guide (Constraints Efficiency). An example of optimal query is: get_pins -filter {REF_PIN_NAME=~yy*} -of_objects [get_cells -hierarchical xx*].
Current XDC: /home/renato/RelationalMem/ZYNQ_ULTRASCARE+_bkp_sep_20/RatMem/RatMem.srcs/sources_1/bd/design_2/ip/design_2_system_ila_0_0_2/bd_0/ip/ip_0/ila_v6_2/constraints/ila.xdc (Line: 72)
Related violations: <none>

XDCB-5#29 Warning
Runtime inefficient way to find pin objects  
The option '-from : [get_pins -hierarchical -filter { NAME =~  "*ila_core_inst/u_ila_cap_ctrl/u_cap_addrgen/u_cap_window_counter/U_WHCMPCE/I_YESLUT6.U_SRL32/CLK*"}]' of constraint 'set_false_path' uses inefficient query to find pin objects (see constraint position '96' in the Timing Constraint window in Vivado IDE). To reduce runtime, it is recommended to get the pins through the cell objects. Please refer to Using Constraints Guide (Constraints Efficiency). An example of optimal query is: get_pins -filter {REF_PIN_NAME=~yy*} -of_objects [get_cells -hierarchical xx*].
Current XDC: /home/renato/RelationalMem/ZYNQ_ULTRASCARE+_bkp_sep_20/RatMem/RatMem.srcs/sources_1/bd/design_2/ip/design_2_ila_0_0_2/ila_v6_2/constraints/ila.xdc (Line: 72)
Related violations: <none>

XDCB-5#30 Warning
Runtime inefficient way to find pin objects  
The option '-from : [get_pins -hierarchical -filter { NAME =~  "*ila_core_inst/u_ila_cap_ctrl/u_cap_addrgen/u_cap_window_counter/U_WLCMPCE/I_YESLUT6.U_SRL32/CLK*"}]' of constraint 'set_false_path' uses inefficient query to find pin objects (see constraint position '45' in the Timing Constraint window in Vivado IDE). To reduce runtime, it is recommended to get the pins through the cell objects. Please refer to Using Constraints Guide (Constraints Efficiency). An example of optimal query is: get_pins -filter {REF_PIN_NAME=~yy*} -of_objects [get_cells -hierarchical xx*].
Current XDC: /home/renato/RelationalMem/ZYNQ_ULTRASCARE+_bkp_sep_20/RatMem/RatMem.srcs/sources_1/bd/design_2/ip/design_2_system_ila_0_0_2/bd_0/ip/ip_0/ila_v6_2/constraints/ila.xdc (Line: 73)
Related violations: <none>

XDCB-5#31 Warning
Runtime inefficient way to find pin objects  
The option '-from : [get_pins -hierarchical -filter { NAME =~  "*ila_core_inst/u_ila_cap_ctrl/u_cap_addrgen/u_cap_window_counter/U_WLCMPCE/I_YESLUT6.U_SRL32/CLK*"}]' of constraint 'set_false_path' uses inefficient query to find pin objects (see constraint position '97' in the Timing Constraint window in Vivado IDE). To reduce runtime, it is recommended to get the pins through the cell objects. Please refer to Using Constraints Guide (Constraints Efficiency). An example of optimal query is: get_pins -filter {REF_PIN_NAME=~yy*} -of_objects [get_cells -hierarchical xx*].
Current XDC: /home/renato/RelationalMem/ZYNQ_ULTRASCARE+_bkp_sep_20/RatMem/RatMem.srcs/sources_1/bd/design_2/ip/design_2_ila_0_0_2/ila_v6_2/constraints/ila.xdc (Line: 73)
Related violations: <none>

XDCB-5#32 Warning
Runtime inefficient way to find pin objects  
The option '-from : [get_pins -hierarchical -filter { NAME =~  "*ila_core_inst/u_ila_cap_ctrl/u_cap_addrgen/u_cap_window_counter/u_wcnt_hcmp/allx_typeA_match_detection.ltlib_v1_0_0_allx_typeA_inst/DUT/I_WHOLE_SLICE.G_SLICE_IDX[*].U_ALL_SRL_SLICE/u_srl*/S*/CLK*"}]' of constraint 'set_false_path' uses inefficient query to find pin objects (see constraint position '112' in the Timing Constraint window in Vivado IDE). To reduce runtime, it is recommended to get the pins through the cell objects. Please refer to Using Constraints Guide (Constraints Efficiency). An example of optimal query is: get_pins -filter {REF_PIN_NAME=~yy*} -of_objects [get_cells -hierarchical xx*].
Current XDC: /home/renato/RelationalMem/ZYNQ_ULTRASCARE+_bkp_sep_20/RatMem/RatMem.runs/impl_1/.Xil/Vivado-22989-buflightdev/u_ila_0_CV.0/out/ila_impl.xdc (Line: 16)
Related violations: <none>

XDCB-5#33 Warning
Runtime inefficient way to find pin objects  
The option '-from : [get_pins -hierarchical -filter { NAME =~  "*ila_core_inst/u_ila_cap_ctrl/u_cap_addrgen/u_cap_window_counter/u_wcnt_hcmp/allx_typeA_match_detection.ltlib_v1_0_0_allx_typeA_inst/DUT/I_WHOLE_SLICE.G_SLICE_IDX[*].U_ALL_SRL_SLICE/u_srl*/S*/CLK*"}]' of constraint 'set_false_path' uses inefficient query to find pin objects (see constraint position '58' in the Timing Constraint window in Vivado IDE). To reduce runtime, it is recommended to get the pins through the cell objects. Please refer to Using Constraints Guide (Constraints Efficiency). An example of optimal query is: get_pins -filter {REF_PIN_NAME=~yy*} -of_objects [get_cells -hierarchical xx*].
Current XDC: /home/renato/RelationalMem/ZYNQ_ULTRASCARE+_bkp_sep_20/RatMem/RatMem.srcs/sources_1/bd/design_2/ip/design_2_ila_0_0_2/ila_v6_2/constraints/ila_impl.xdc (Line: 16)
Related violations: <none>

XDCB-5#34 Warning
Runtime inefficient way to find pin objects  
The option '-from : [get_pins -hierarchical -filter { NAME =~  "*ila_core_inst/u_ila_cap_ctrl/u_cap_addrgen/u_cap_window_counter/u_wcnt_hcmp/allx_typeA_match_detection.ltlib_v1_0_0_allx_typeA_inst/DUT/I_WHOLE_SLICE.G_SLICE_IDX[*].U_ALL_SRL_SLICE/u_srl*/S*/CLK*"}]' of constraint 'set_false_path' uses inefficient query to find pin objects (see constraint position '6' in the Timing Constraint window in Vivado IDE). To reduce runtime, it is recommended to get the pins through the cell objects. Please refer to Using Constraints Guide (Constraints Efficiency). An example of optimal query is: get_pins -filter {REF_PIN_NAME=~yy*} -of_objects [get_cells -hierarchical xx*].
Current XDC: /home/renato/RelationalMem/ZYNQ_ULTRASCARE+_bkp_sep_20/RatMem/RatMem.srcs/sources_1/bd/design_2/ip/design_2_system_ila_0_0_2/bd_0/ip/ip_0/ila_v6_2/constraints/ila_impl.xdc (Line: 16)
Related violations: <none>

XDCB-5#35 Warning
Runtime inefficient way to find pin objects  
The option '-from : [get_pins -hierarchical -filter { NAME =~  "*ila_core_inst/u_ila_cap_ctrl/u_cap_addrgen/u_cap_window_counter/u_wcnt_hcmp/allx_typeA_match_detection.ltlib_v1_0_0_allx_typeA_inst/DUT/u_srl_drive/CLK*"}]' of constraint 'set_false_path' uses inefficient query to find pin objects (see constraint position '43' in the Timing Constraint window in Vivado IDE). To reduce runtime, it is recommended to get the pins through the cell objects. Please refer to Using Constraints Guide (Constraints Efficiency). An example of optimal query is: get_pins -filter {REF_PIN_NAME=~yy*} -of_objects [get_cells -hierarchical xx*].
Current XDC: /home/renato/RelationalMem/ZYNQ_ULTRASCARE+_bkp_sep_20/RatMem/RatMem.srcs/sources_1/bd/design_2/ip/design_2_system_ila_0_0_2/bd_0/ip/ip_0/ila_v6_2/constraints/ila.xdc (Line: 71)
Related violations: <none>

XDCB-5#36 Warning
Runtime inefficient way to find pin objects  
The option '-from : [get_pins -hierarchical -filter { NAME =~  "*ila_core_inst/u_ila_cap_ctrl/u_cap_addrgen/u_cap_window_counter/u_wcnt_hcmp/allx_typeA_match_detection.ltlib_v1_0_0_allx_typeA_inst/DUT/u_srl_drive/CLK*"}]' of constraint 'set_false_path' uses inefficient query to find pin objects (see constraint position '95' in the Timing Constraint window in Vivado IDE). To reduce runtime, it is recommended to get the pins through the cell objects. Please refer to Using Constraints Guide (Constraints Efficiency). An example of optimal query is: get_pins -filter {REF_PIN_NAME=~yy*} -of_objects [get_cells -hierarchical xx*].
Current XDC: /home/renato/RelationalMem/ZYNQ_ULTRASCARE+_bkp_sep_20/RatMem/RatMem.srcs/sources_1/bd/design_2/ip/design_2_ila_0_0_2/ila_v6_2/constraints/ila.xdc (Line: 71)
Related violations: <none>

XDCB-5#37 Warning
Runtime inefficient way to find pin objects  
The option '-from : [get_pins -hierarchical -filter { NAME =~  "*ila_core_inst/u_ila_cap_ctrl/u_cap_addrgen/u_cap_window_counter/u_wcnt_lcmp/allx_typeA_match_detection.ltlib_v1_0_0_allx_typeA_inst/DUT/I_WHOLE_SLICE.G_SLICE_IDX[*].U_ALL_SRL_SLICE/u_srl*/S*/CLK*"}]' of constraint 'set_false_path' uses inefficient query to find pin objects (see constraint position '111' in the Timing Constraint window in Vivado IDE). To reduce runtime, it is recommended to get the pins through the cell objects. Please refer to Using Constraints Guide (Constraints Efficiency). An example of optimal query is: get_pins -filter {REF_PIN_NAME=~yy*} -of_objects [get_cells -hierarchical xx*].
Current XDC: /home/renato/RelationalMem/ZYNQ_ULTRASCARE+_bkp_sep_20/RatMem/RatMem.runs/impl_1/.Xil/Vivado-22989-buflightdev/u_ila_0_CV.0/out/ila_impl.xdc (Line: 15)
Related violations: <none>

XDCB-5#38 Warning
Runtime inefficient way to find pin objects  
The option '-from : [get_pins -hierarchical -filter { NAME =~  "*ila_core_inst/u_ila_cap_ctrl/u_cap_addrgen/u_cap_window_counter/u_wcnt_lcmp/allx_typeA_match_detection.ltlib_v1_0_0_allx_typeA_inst/DUT/I_WHOLE_SLICE.G_SLICE_IDX[*].U_ALL_SRL_SLICE/u_srl*/S*/CLK*"}]' of constraint 'set_false_path' uses inefficient query to find pin objects (see constraint position '5' in the Timing Constraint window in Vivado IDE). To reduce runtime, it is recommended to get the pins through the cell objects. Please refer to Using Constraints Guide (Constraints Efficiency). An example of optimal query is: get_pins -filter {REF_PIN_NAME=~yy*} -of_objects [get_cells -hierarchical xx*].
Current XDC: /home/renato/RelationalMem/ZYNQ_ULTRASCARE+_bkp_sep_20/RatMem/RatMem.srcs/sources_1/bd/design_2/ip/design_2_system_ila_0_0_2/bd_0/ip/ip_0/ila_v6_2/constraints/ila_impl.xdc (Line: 15)
Related violations: <none>

XDCB-5#39 Warning
Runtime inefficient way to find pin objects  
The option '-from : [get_pins -hierarchical -filter { NAME =~  "*ila_core_inst/u_ila_cap_ctrl/u_cap_addrgen/u_cap_window_counter/u_wcnt_lcmp/allx_typeA_match_detection.ltlib_v1_0_0_allx_typeA_inst/DUT/I_WHOLE_SLICE.G_SLICE_IDX[*].U_ALL_SRL_SLICE/u_srl*/S*/CLK*"}]' of constraint 'set_false_path' uses inefficient query to find pin objects (see constraint position '57' in the Timing Constraint window in Vivado IDE). To reduce runtime, it is recommended to get the pins through the cell objects. Please refer to Using Constraints Guide (Constraints Efficiency). An example of optimal query is: get_pins -filter {REF_PIN_NAME=~yy*} -of_objects [get_cells -hierarchical xx*].
Current XDC: /home/renato/RelationalMem/ZYNQ_ULTRASCARE+_bkp_sep_20/RatMem/RatMem.srcs/sources_1/bd/design_2/ip/design_2_ila_0_0_2/ila_v6_2/constraints/ila_impl.xdc (Line: 15)
Related violations: <none>

XDCB-5#40 Warning
Runtime inefficient way to find pin objects  
The option '-from : [get_pins -hierarchical -filter { NAME =~  "*ila_core_inst/u_ila_cap_ctrl/u_cap_addrgen/u_cap_window_counter/u_wcnt_lcmp/allx_typeA_match_detection.ltlib_v1_0_0_allx_typeA_inst/DUT/u_srl_drive/CLK*"}]' of constraint 'set_false_path' uses inefficient query to find pin objects (see constraint position '42' in the Timing Constraint window in Vivado IDE). To reduce runtime, it is recommended to get the pins through the cell objects. Please refer to Using Constraints Guide (Constraints Efficiency). An example of optimal query is: get_pins -filter {REF_PIN_NAME=~yy*} -of_objects [get_cells -hierarchical xx*].
Current XDC: /home/renato/RelationalMem/ZYNQ_ULTRASCARE+_bkp_sep_20/RatMem/RatMem.srcs/sources_1/bd/design_2/ip/design_2_system_ila_0_0_2/bd_0/ip/ip_0/ila_v6_2/constraints/ila.xdc (Line: 70)
Related violations: <none>

XDCB-5#41 Warning
Runtime inefficient way to find pin objects  
The option '-from : [get_pins -hierarchical -filter { NAME =~  "*ila_core_inst/u_ila_cap_ctrl/u_cap_addrgen/u_cap_window_counter/u_wcnt_lcmp/allx_typeA_match_detection.ltlib_v1_0_0_allx_typeA_inst/DUT/u_srl_drive/CLK*"}]' of constraint 'set_false_path' uses inefficient query to find pin objects (see constraint position '94' in the Timing Constraint window in Vivado IDE). To reduce runtime, it is recommended to get the pins through the cell objects. Please refer to Using Constraints Guide (Constraints Efficiency). An example of optimal query is: get_pins -filter {REF_PIN_NAME=~yy*} -of_objects [get_cells -hierarchical xx*].
Current XDC: /home/renato/RelationalMem/ZYNQ_ULTRASCARE+_bkp_sep_20/RatMem/RatMem.srcs/sources_1/bd/design_2/ip/design_2_ila_0_0_2/ila_v6_2/constraints/ila.xdc (Line: 70)
Related violations: <none>

XDCB-5#42 Warning
Runtime inefficient way to find pin objects  
The option '-from : [get_pins -hierarchical -filter {NAME =~ *allx_typeA_match_detection.ltlib_v1_0_0_allx_typeA_inst/DUT/I_WHOLE_SLICE.G_SLICE_IDX[*].U_ALL_SRL_SLICE/u_srl*/S*/CLK}]' of constraint 'set_false_path' uses inefficient query to find pin objects (see constraint position '109' in the Timing Constraint window in Vivado IDE). To reduce runtime, it is recommended to get the pins through the cell objects. Please refer to Using Constraints Guide (Constraints Efficiency). An example of optimal query is: get_pins -filter {REF_PIN_NAME=~yy*} -of_objects [get_cells -hierarchical xx*].
Current XDC: /home/renato/RelationalMem/ZYNQ_ULTRASCARE+_bkp_sep_20/RatMem/RatMem.runs/impl_1/.Xil/Vivado-22989-buflightdev/u_ila_0_CV.0/out/ila_impl.xdc (Line: 5)
Related violations: <none>

XDCB-5#43 Warning
Runtime inefficient way to find pin objects  
The option '-from : [get_pins -hierarchical -filter {NAME =~ *allx_typeA_match_detection.ltlib_v1_0_0_allx_typeA_inst/DUT/I_WHOLE_SLICE.G_SLICE_IDX[*].U_ALL_SRL_SLICE/u_srl*/S*/CLK}]' of constraint 'set_false_path' uses inefficient query to find pin objects (see constraint position '3' in the Timing Constraint window in Vivado IDE). To reduce runtime, it is recommended to get the pins through the cell objects. Please refer to Using Constraints Guide (Constraints Efficiency). An example of optimal query is: get_pins -filter {REF_PIN_NAME=~yy*} -of_objects [get_cells -hierarchical xx*].
Current XDC: /home/renato/RelationalMem/ZYNQ_ULTRASCARE+_bkp_sep_20/RatMem/RatMem.srcs/sources_1/bd/design_2/ip/design_2_system_ila_0_0_2/bd_0/ip/ip_0/ila_v6_2/constraints/ila_impl.xdc (Line: 5)
Related violations: <none>

XDCB-5#44 Warning
Runtime inefficient way to find pin objects  
The option '-from : [get_pins -hierarchical -filter {NAME =~ *allx_typeA_match_detection.ltlib_v1_0_0_allx_typeA_inst/DUT/I_WHOLE_SLICE.G_SLICE_IDX[*].U_ALL_SRL_SLICE/u_srl*/S*/CLK}]' of constraint 'set_false_path' uses inefficient query to find pin objects (see constraint position '55' in the Timing Constraint window in Vivado IDE). To reduce runtime, it is recommended to get the pins through the cell objects. Please refer to Using Constraints Guide (Constraints Efficiency). An example of optimal query is: get_pins -filter {REF_PIN_NAME=~yy*} -of_objects [get_cells -hierarchical xx*].
Current XDC: /home/renato/RelationalMem/ZYNQ_ULTRASCARE+_bkp_sep_20/RatMem/RatMem.srcs/sources_1/bd/design_2/ip/design_2_ila_0_0_2/ila_v6_2/constraints/ila_impl.xdc (Line: 5)
Related violations: <none>

XDCB-5#45 Warning
Runtime inefficient way to find pin objects  
The option '-from : [get_pins -hierarchical -filter {NAME =~ *allx_typeA_match_detection.ltlib_v1_0_0_allx_typeA_inst/DUT/u_srl_drive/CLK}]' of constraint 'set_false_path' uses inefficient query to find pin objects (see constraint position '33' in the Timing Constraint window in Vivado IDE). To reduce runtime, it is recommended to get the pins through the cell objects. Please refer to Using Constraints Guide (Constraints Efficiency). An example of optimal query is: get_pins -filter {REF_PIN_NAME=~yy*} -of_objects [get_cells -hierarchical xx*].
Current XDC: /home/renato/RelationalMem/ZYNQ_ULTRASCARE+_bkp_sep_20/RatMem/RatMem.srcs/sources_1/bd/design_2/ip/design_2_system_ila_0_0_2/bd_0/ip/ip_0/ila_v6_2/constraints/ila.xdc (Line: 40)
Related violations: <none>

XDCB-5#46 Warning
Runtime inefficient way to find pin objects  
The option '-from : [get_pins -hierarchical -filter {NAME =~ *allx_typeA_match_detection.ltlib_v1_0_0_allx_typeA_inst/DUT/u_srl_drive/CLK}]' of constraint 'set_false_path' uses inefficient query to find pin objects (see constraint position '85' in the Timing Constraint window in Vivado IDE). To reduce runtime, it is recommended to get the pins through the cell objects. Please refer to Using Constraints Guide (Constraints Efficiency). An example of optimal query is: get_pins -filter {REF_PIN_NAME=~yy*} -of_objects [get_cells -hierarchical xx*].
Current XDC: /home/renato/RelationalMem/ZYNQ_ULTRASCARE+_bkp_sep_20/RatMem/RatMem.srcs/sources_1/bd/design_2/ip/design_2_ila_0_0_2/ila_v6_2/constraints/ila.xdc (Line: 40)
Related violations: <none>

XDCB-5#47 Warning
Runtime inefficient way to find pin objects  
The option '-to : [get_pins -hierarchical -filter {NAME =~ *allx_typeA_match_detection.ltlib_v1_0_0_allx_typeA_inst/DUT/I_WHOLE_SLICE.G_SLICE_IDX[*].U_ALL_SRL_SLICE/I_IS_TERMINATION_SLICE_W_OUTPUT_REG.DOUT_O_reg/D}]' of constraint 'set_false_path' uses inefficient query to find pin objects (see constraint position '109' in the Timing Constraint window in Vivado IDE). To reduce runtime, it is recommended to get the pins through the cell objects. Please refer to Using Constraints Guide (Constraints Efficiency). An example of optimal query is: get_pins -filter {REF_PIN_NAME=~yy*} -of_objects [get_cells -hierarchical xx*].
Current XDC: /home/renato/RelationalMem/ZYNQ_ULTRASCARE+_bkp_sep_20/RatMem/RatMem.runs/impl_1/.Xil/Vivado-22989-buflightdev/u_ila_0_CV.0/out/ila_impl.xdc (Line: 5)
Related violations: <none>

XDCB-5#48 Warning
Runtime inefficient way to find pin objects  
The option '-to : [get_pins -hierarchical -filter {NAME =~ *allx_typeA_match_detection.ltlib_v1_0_0_allx_typeA_inst/DUT/I_WHOLE_SLICE.G_SLICE_IDX[*].U_ALL_SRL_SLICE/I_IS_TERMINATION_SLICE_W_OUTPUT_REG.DOUT_O_reg/D}]' of constraint 'set_false_path' uses inefficient query to find pin objects (see constraint position '3' in the Timing Constraint window in Vivado IDE). To reduce runtime, it is recommended to get the pins through the cell objects. Please refer to Using Constraints Guide (Constraints Efficiency). An example of optimal query is: get_pins -filter {REF_PIN_NAME=~yy*} -of_objects [get_cells -hierarchical xx*].
Current XDC: /home/renato/RelationalMem/ZYNQ_ULTRASCARE+_bkp_sep_20/RatMem/RatMem.srcs/sources_1/bd/design_2/ip/design_2_system_ila_0_0_2/bd_0/ip/ip_0/ila_v6_2/constraints/ila_impl.xdc (Line: 5)
Related violations: <none>

XDCB-5#49 Warning
Runtime inefficient way to find pin objects  
The option '-to : [get_pins -hierarchical -filter {NAME =~ *allx_typeA_match_detection.ltlib_v1_0_0_allx_typeA_inst/DUT/I_WHOLE_SLICE.G_SLICE_IDX[*].U_ALL_SRL_SLICE/I_IS_TERMINATION_SLICE_W_OUTPUT_REG.DOUT_O_reg/D}]' of constraint 'set_false_path' uses inefficient query to find pin objects (see constraint position '33' in the Timing Constraint window in Vivado IDE). To reduce runtime, it is recommended to get the pins through the cell objects. Please refer to Using Constraints Guide (Constraints Efficiency). An example of optimal query is: get_pins -filter {REF_PIN_NAME=~yy*} -of_objects [get_cells -hierarchical xx*].
Current XDC: /home/renato/RelationalMem/ZYNQ_ULTRASCARE+_bkp_sep_20/RatMem/RatMem.srcs/sources_1/bd/design_2/ip/design_2_system_ila_0_0_2/bd_0/ip/ip_0/ila_v6_2/constraints/ila.xdc (Line: 40)
Related violations: <none>

XDCB-5#50 Warning
Runtime inefficient way to find pin objects  
The option '-to : [get_pins -hierarchical -filter {NAME =~ *allx_typeA_match_detection.ltlib_v1_0_0_allx_typeA_inst/DUT/I_WHOLE_SLICE.G_SLICE_IDX[*].U_ALL_SRL_SLICE/I_IS_TERMINATION_SLICE_W_OUTPUT_REG.DOUT_O_reg/D}]' of constraint 'set_false_path' uses inefficient query to find pin objects (see constraint position '55' in the Timing Constraint window in Vivado IDE). To reduce runtime, it is recommended to get the pins through the cell objects. Please refer to Using Constraints Guide (Constraints Efficiency). An example of optimal query is: get_pins -filter {REF_PIN_NAME=~yy*} -of_objects [get_cells -hierarchical xx*].
Current XDC: /home/renato/RelationalMem/ZYNQ_ULTRASCARE+_bkp_sep_20/RatMem/RatMem.srcs/sources_1/bd/design_2/ip/design_2_ila_0_0_2/ila_v6_2/constraints/ila_impl.xdc (Line: 5)
Related violations: <none>

XDCB-5#51 Warning
Runtime inefficient way to find pin objects  
The option '-to : [get_pins -hierarchical -filter {NAME =~ *allx_typeA_match_detection.ltlib_v1_0_0_allx_typeA_inst/DUT/I_WHOLE_SLICE.G_SLICE_IDX[*].U_ALL_SRL_SLICE/I_IS_TERMINATION_SLICE_W_OUTPUT_REG.DOUT_O_reg/D}]' of constraint 'set_false_path' uses inefficient query to find pin objects (see constraint position '85' in the Timing Constraint window in Vivado IDE). To reduce runtime, it is recommended to get the pins through the cell objects. Please refer to Using Constraints Guide (Constraints Efficiency). An example of optimal query is: get_pins -filter {REF_PIN_NAME=~yy*} -of_objects [get_cells -hierarchical xx*].
Current XDC: /home/renato/RelationalMem/ZYNQ_ULTRASCARE+_bkp_sep_20/RatMem/RatMem.srcs/sources_1/bd/design_2/ip/design_2_ila_0_0_2/ila_v6_2/constraints/ila.xdc (Line: 40)
Related violations: <none>

XDCB-5#52 Warning
Runtime inefficient way to find pin objects  
The option 'objects : [get_pins -hierarchical -filter {NAME =~ "*BSCANID.u_xsdbm_id/SWITCH_N_EXT_BSCAN.bscan_inst/SERIES7_BSCAN.bscan_inst/INTERNAL_TCK"}]' of constraint 'create_clock' uses inefficient query to find pin objects (see constraint position '107' in the Timing Constraint window in Vivado IDE). To reduce runtime, it is recommended to get the pins through the cell objects. Please refer to Using Constraints Guide (Constraints Efficiency). An example of optimal query is: get_pins -filter {REF_PIN_NAME=~yy*} -of_objects [get_cells -hierarchical xx*].
Current XDC: /home/renato/RelationalMem/ZYNQ_ULTRASCARE+_bkp_sep_20/RatMem/RatMem.runs/impl_1/.Xil/Vivado-22989-buflightdev/dbg_hub_CV.0/out/xsdbm.xdc (Line: 5)
Related violations: <none>


